#
# There is insufficient memory for the Java Runtime Environment to continue.
# Native memory allocation (mmap) failed to map 266338304 bytes for Failed to commit area from 0x0000000702800000 to 0x0000000712600000 of length 266338304.
# Possible reasons:
#   The system is out of physical RAM or swap space
#   The process is running with CompressedOops enabled, and the Java Heap may be blocking the growth of the native heap
# Possible solutions:
#   Reduce memory load on the system
#   Increase physical memory or swap space
#   Check if swap backing store is full
#   Decrease Java heap size (-Xmx/-Xms)
#   Decrease number of Java threads
#   Decrease Java thread stack sizes (-Xss)
#   Set larger code cache with -XX:ReservedCodeCacheSize=
# This output file may be truncated or incomplete.
#
#  Out of Memory Error (./src/hotspot/os/windows/os_windows.cpp:3387), pid=33252, tid=31628
#
# JRE version:  (11.0.14.1+1) (build )
# Java VM: OpenJDK 64-Bit Server VM (11.0.14.1+1, mixed mode, sharing, tiered, compressed oops, g1 gc, windows-amd64)
# No core dump will be written. Minidumps are not enabled by default on client versions of Windows
#

---------------  S U M M A R Y ------------

Command Line: -Dfile.encoding=UTF-8 org.gradle.launcher.GradleMain -Dorg.gradle.jvmargs=-Xmx4096m --stop

Host: Intel(R) Core(TM) i7-10870H CPU @ 2.20GHz, 16 cores, 15G,  Windows 10 , 64 bit Build 19041 (10.0.19041.4597)
Time: Thu Jul 11 11:43:33 2024 SE Asia Standard Time elapsed time: 0.089721 seconds (0d 0h 0m 0s)

---------------  T H R E A D  ---------------

Current thread (0x000001ef87ee4000):  JavaThread "Unknown thread" [_thread_in_vm, id=31628, stack(0x000000e031900000,0x000000e031a00000)]

Stack: [0x000000e031900000,0x000000e031a00000]
Native frames: (J=compiled Java code, j=interpreted, Vv=VM code, C=native code)
V  [jvm.dll+0x61e59a]
V  [jvm.dll+0x7aaca9]
V  [jvm.dll+0x7ac398]
V  [jvm.dll+0x7aca73]
V  [jvm.dll+0x24f9b8]
V  [jvm.dll+0x61b83a]
V  [jvm.dll+0x6100c5]
V  [jvm.dll+0x30772c]
V  [jvm.dll+0x3075b2]
V  [jvm.dll+0x30c2d6]
V  [jvm.dll+0x35272f]
V  [jvm.dll+0x352160]
V  [jvm.dll+0x2e4728]
V  [jvm.dll+0x2e5886]
V  [jvm.dll+0x784b07]
V  [jvm.dll+0x78628f]
V  [jvm.dll+0x35f479]
V  [jvm.dll+0x767aa0]
V  [jvm.dll+0x3ccf1f]
V  [jvm.dll+0x3cf2b1]
C  [jli.dll+0x5207]
C  [ucrtbase.dll+0x21bb2]
C  [KERNEL32.DLL+0x17374]
C  [ntdll.dll+0x4cc91]


---------------  P R O C E S S  ---------------

Threads class SMR info:
_java_thread_list=0x000001ef85c33f00, length=0, elements={
}

Java Threads: ( => current thread )

Other Threads:
  0x000001ef87efd000 GCTaskThread "GC Thread#0" [stack: 0x000000e031a00000,0x000000e031b00000] [id=32316]
  0x000001ef87f5e800 ConcurrentGCThread "G1 Main Marker" [stack: 0x000000e031b00000,0x000000e031c00000] [id=34196]
  0x000001ef87f61000 ConcurrentGCThread "G1 Conc#0" [stack: 0x000000e031c00000,0x000000e031d00000] [id=13060]

[error occurred during error reporting (printing all threads), id 0xc0000005, EXCEPTION_ACCESS_VIOLATION (0xc0000005) at pc=0x00007ff877653ef7]

VM state:not at safepoint (not fully initialized)

VM Mutex/Monitor currently owned by a thread:  ([mutex/lock_event])
[0x000001ef87edf3f0] Heap_lock - owner thread: 0x000001ef87ee4000

Heap address: 0x0000000702800000, size: 4056 MB, Compressed Oops mode: Non-zero based: 0x0000000702800000
Narrow klass base: 0x0000000000000000, Narrow klass shift: 0

GC Heap History (0 events):
No events

Deoptimization events (0 events):
No events

Classes redefined (0 events):
No events

Internal exceptions (0 events):
No events

Events (1 events):
Event: 0.051 Loaded shared library C:\Users\Laptop cua Phuc\Downloads\2022.3.34f1\2022.3.34f1\Editor\Data\PlaybackEngines\AndroidPlayer\OpenJDK\bin\zip.dll


Dynamic libraries:
0x00007ff76a720000 - 0x00007ff76a72d000 	C:\Users\Laptop cua Phuc\Downloads\2022.3.34f1\2022.3.34f1\Editor\Data\PlaybackEngines\AndroidPlayer\OpenJDK\bin\java.exe
0x00007ff8c79d0000 - 0x00007ff8c7bc8000 	C:\WINDOWS\SYSTEM32\ntdll.dll
0x00007ff8c6e00000 - 0x00007ff8c6ec1000 	C:\WINDOWS\System32\KERNEL32.DLL
0x00007ff8c53d0000 - 0x00007ff8c56c6000 	C:\WINDOWS\System32\KERNELBASE.dll
0x00007ff8c51a0000 - 0x00007ff8c52a0000 	C:\WINDOWS\System32\ucrtbase.dll
0x00007ff8b24f0000 - 0x00007ff8b2507000 	C:\Users\Laptop cua Phuc\Downloads\2022.3.34f1\2022.3.34f1\Editor\Data\PlaybackEngines\AndroidPlayer\OpenJDK\bin\jli.dll
0x00007ff8b1d50000 - 0x00007ff8b1d65000 	C:\Users\Laptop cua Phuc\Downloads\2022.3.34f1\2022.3.34f1\Editor\Data\PlaybackEngines\AndroidPlayer\OpenJDK\bin\VCRUNTIME140.dll
0x00007ff8c6ed0000 - 0x00007ff8c706f000 	C:\WINDOWS\System32\USER32.dll
0x00007ff8c59d0000 - 0x00007ff8c59f2000 	C:\WINDOWS\System32\win32u.dll
0x00007ff8aec20000 - 0x00007ff8aeeba000 	C:\WINDOWS\WinSxS\amd64_microsoft.windows.common-controls_6595b64144ccf1df_6.0.19041.4355_none_60b8b9eb71f62e16\COMCTL32.dll
0x00007ff8c6690000 - 0x00007ff8c66bb000 	C:\WINDOWS\System32\GDI32.dll
0x00007ff8c7790000 - 0x00007ff8c782e000 	C:\WINDOWS\System32\msvcrt.dll
0x00007ff8c5080000 - 0x00007ff8c5197000 	C:\WINDOWS\System32\gdi32full.dll
0x00007ff8c5330000 - 0x00007ff8c53cd000 	C:\WINDOWS\System32\msvcp_win.dll
0x00007ff8c6dd0000 - 0x00007ff8c6dff000 	C:\WINDOWS\System32\IMM32.DLL
0x00007ff87ff80000 - 0x00007ff88001b000 	C:\Users\Laptop cua Phuc\Downloads\2022.3.34f1\2022.3.34f1\Editor\Data\PlaybackEngines\AndroidPlayer\OpenJDK\bin\msvcp140.dll
0x00007ff877360000 - 0x00007ff877ee1000 	C:\Users\Laptop cua Phuc\Downloads\2022.3.34f1\2022.3.34f1\Editor\Data\PlaybackEngines\AndroidPlayer\OpenJDK\bin\server\jvm.dll
0x00007ff8c7830000 - 0x00007ff8c78e0000 	C:\WINDOWS\System32\ADVAPI32.dll
0x00007ff8c5ad0000 - 0x00007ff8c5b70000 	C:\WINDOWS\System32\sechost.dll
0x00007ff8c6440000 - 0x00007ff8c6563000 	C:\WINDOWS\System32\RPCRT4.dll
0x00007ff8c59a0000 - 0x00007ff8c59c7000 	C:\WINDOWS\System32\bcrypt.dll
0x00007ff8c6a30000 - 0x00007ff8c6a38000 	C:\WINDOWS\System32\PSAPI.DLL
0x00007ff856d70000 - 0x00007ff856d79000 	C:\WINDOWS\SYSTEM32\WSOCK32.dll
0x00007ff8adc40000 - 0x00007ff8adc67000 	C:\WINDOWS\SYSTEM32\WINMM.dll
0x00007ff8c03d0000 - 0x00007ff8c03da000 	C:\WINDOWS\SYSTEM32\VERSION.dll
0x00007ff8c7290000 - 0x00007ff8c72fb000 	C:\WINDOWS\System32\WS2_32.dll
0x00007ff8c3850000 - 0x00007ff8c3862000 	C:\WINDOWS\SYSTEM32\kernel.appcore.dll
0x00007ff8c0740000 - 0x00007ff8c0750000 	C:\Users\Laptop cua Phuc\Downloads\2022.3.34f1\2022.3.34f1\Editor\Data\PlaybackEngines\AndroidPlayer\OpenJDK\bin\verify.dll
0x00007ff8c2dc0000 - 0x00007ff8c2fa4000 	C:\WINDOWS\SYSTEM32\DBGHELP.DLL
0x00007ff8bbce0000 - 0x00007ff8bbd14000 	C:\WINDOWS\SYSTEM32\dbgcore.DLL
0x00007ff8c52a0000 - 0x00007ff8c5322000 	C:\WINDOWS\System32\bcryptPrimitives.dll
0x00007ff8b1d20000 - 0x00007ff8b1d48000 	C:\Users\Laptop cua Phuc\Downloads\2022.3.34f1\2022.3.34f1\Editor\Data\PlaybackEngines\AndroidPlayer\OpenJDK\bin\java.dll
0x00007ff8bb0e0000 - 0x00007ff8bb0ea000 	C:\Users\Laptop cua Phuc\Downloads\2022.3.34f1\2022.3.34f1\Editor\Data\PlaybackEngines\AndroidPlayer\OpenJDK\bin\jimage.dll
0x00007ff8b1d00000 - 0x00007ff8b1d18000 	C:\Users\Laptop cua Phuc\Downloads\2022.3.34f1\2022.3.34f1\Editor\Data\PlaybackEngines\AndroidPlayer\OpenJDK\bin\zip.dll

dbghelp: loaded successfully - version: 4.0.5 - missing functions: none
symbol engine: initialized successfully - sym options: 0x614 - pdb path: .;C:\Users\Laptop cua Phuc\Downloads\2022.3.34f1\2022.3.34f1\Editor\Data\PlaybackEngines\AndroidPlayer\OpenJDK\bin;C:\WINDOWS\SYSTEM32;C:\WINDOWS\WinSxS\amd64_microsoft.windows.common-controls_6595b64144ccf1df_6.0.19041.4355_none_60b8b9eb71f62e16;C:\Users\Laptop cua Phuc\Downloads\2022.3.34f1\2022.3.34f1\Editor\Data\PlaybackEngines\AndroidPlayer\OpenJDK\bin\server

VM Arguments:
jvm_args: -Dfile.encoding=UTF-8 
java_command: org.gradle.launcher.GradleMain -Dorg.gradle.jvmargs=-Xmx4096m --stop
java_class_path (initial): C:\Users\Laptop cua Phuc\Downloads\2022.3.34f1\2022.3.34f1\Editor\Data\PlaybackEngines\AndroidPlayer\Tools\gradle\lib\gradle-launcher-7.2.jar
Launcher Type: SUN_STANDARD

[Global flags]
     intx CICompilerCount                          = 12                                        {product} {ergonomic}
     uint ConcGCThreads                            = 3                                         {product} {ergonomic}
     uint G1ConcRefinementThreads                  = 13                                        {product} {ergonomic}
   size_t G1HeapRegionSize                         = 1048576                                   {product} {ergonomic}
    uintx GCDrainStackTargetSize                   = 64                                        {product} {ergonomic}
   size_t InitialHeapSize                          = 266338304                                 {product} {ergonomic}
   size_t MarkStackSize                            = 4194304                                   {product} {ergonomic}
   size_t MaxHeapSize                              = 4253024256                                {product} {ergonomic}
   size_t MinHeapDeltaBytes                        = 1048576                                   {product} {ergonomic}
    uintx NonNMethodCodeHeapSize                   = 7594288                                {pd product} {ergonomic}
    uintx NonProfiledCodeHeapSize                  = 122031976                              {pd product} {ergonomic}
    uintx ProfiledCodeHeapSize                     = 122031976                              {pd product} {ergonomic}
    uintx ReservedCodeCacheSize                    = 251658240                              {pd product} {ergonomic}
     bool SegmentedCodeCache                       = true                                      {product} {ergonomic}
     bool UseCompressedClassPointers               = true                                 {lp64_product} {ergonomic}
     bool UseCompressedOops                        = true                                 {lp64_product} {ergonomic}
     bool UseG1GC                                  = true                                      {product} {ergonomic}
     bool UseLargePagesIndividualAllocation        = false                                  {pd product} {ergonomic}

Logging:
Log output configuration:
 #0: stdout all=warning uptime,level,tags
 #1: stderr all=off uptime,level,tags

Environment Variables:
JAVA_HOME=C:\Users\Laptop cua Phuc\Downloads\2022.3.34f1\2022.3.34f1\Editor\Data\PlaybackEngines\AndroidPlayer\OpenJDK
JAVA_TOOL_OPTIONS=-Dfile.encoding=UTF-8
PATH=C:\Program Files (x86)\Common Files\Oracle\Java\javapath;C:\ProgramData\ComposerSetup\bin;C:\Program Files\Docker\Docker\resources\bin;C:\hadoop\hadoop-3.3.5\bin;C:\hadoop\hadoop-3.3.5\sbin;C:\java\jdk1.8.0_351\bin;C:\xampp\php;C:\MinGW\bin;C:\Windows\System32;C:\Users\Laptop cua Phuc\AppData\Local\Programs\Python\Python311\Scripts;C:\Users\Laptop cua Phuc\AppData\Local\Programs\Python\Python311;C:\Program Files (x86)\STMicroelectronics\STM32 ST-LINK Utility\ST-LINK Utility;C:\Program Files (x86)\Google\Cloud SDK\google-cloud-sdk\bin;C:\Program Files\Git\cmd;C:\Users\Laptop cua Phuc\AppData\Roaming\nvm;C:\Program Files\nodejs;C:\Program Files\nodejs\node_modules\expo-cli\node_modules\xdl\binaries\windows\adb;C:\Users\Laptop cua Phuc\AppData\Local\Android\Sdk\platform-tools;C:\Program Files (x86)\VietPN;C:\Program Files\SDCC\bin;C:\Users\Laptop cua Phuc\AppData\Local\Programs\Microsoft VS Code\bin;C:\MinGW\bin;C:\Users\Laptop cua Phuc\AppData\Roaming\npm;C:\Users\Laptop cua Phuc\AppData\Roaming\nvm;C:\Program Files\nodejs;C:\Program Files\nodejs\node_modules\expo-cli\node_modules\xdl\binaries\windows\adb;C:\Users\Laptop cua Phuc\AppData\Local\GitHubDesktop\bin
USERNAME=Laptop cua Phuc
OS=Windows_NT
PROCESSOR_IDENTIFIER=Intel64 Family 6 Model 165 Stepping 2, GenuineIntel



---------------  S Y S T E M  ---------------

OS: Windows 10 , 64 bit Build 19041 (10.0.19041.4597)
OS uptime: 0 days 18:26 hours
Hyper-V role detected

CPU:total 16 (initial active 16) (8 cores per cpu, 2 threads per core) family 6 model 165 stepping 2 microcode 0xc8, cmov, cx8, fxsr, mmx, sse, sse2, sse3, ssse3, sse4.1, sse4.2, popcnt, avx, avx2, aes, clmul, erms, 3dnowpref, lzcnt, ht, tsc, tscinvbit, bmi1, bmi2, adx, fma

Memory: 4k page, system-wide physical 16219M (517M free)
TotalPageFile size 36495M (AvailPageFile size 287M)
current process WorkingSet (physical memory assigned to process): 10M, peak: 10M
current process commit charge ("private bytes"): 71M, peak: 325M

vm_info: OpenJDK 64-Bit Server VM (11.0.14.1+1) for windows-amd64 JRE (11.0.14.1+1), built on Feb  9 2022 01:48:27 by "" with unknown MS VC++:1916

END.
